INTERRUPTED |  | è¯·é®æ¨è¦è½¬ç»è°ï¼