
  .   ____          _            __ _ _
 /\\ / ___'_ __ _ _(_)_ __  __ _ \ \ \ \
( ( )\___ | '_ | '_| | '_ \/ _` | \ \ \ \
 \\/  ___)| |_)| | | | | || (_| |  ) ) ) )
  '  |____| .__|_| |_|_| |_\__, | / / / /
 =========|_|==============|___/=/_/_/_/

 :: Spring Boot ::                (v3.5.5)

2026-06-26T20:25:38.341+08:00  INFO 18676 --- [observability-backend] [           main] c.o.ObservabilityBackendApplication      : Starting ObservabilityBackendApplication v0.1.0-SNAPSHOT using Java 17.0.19 with PID 18676 (D:\GitHub\mobile-ai-bank-demo - workbuddy\observability\backend\target\observability-backend-0.1.0-SNAPSHOT.jar started by Administrator in D:\GitHub\mobile-ai-bank-demo - workbuddy)
2026-06-26T20:25:38.352+08:00 DEBUG 18676 --- [observability-backend] [           main] c.o.ObservabilityBackendApplication      : Running with Spring Boot v3.5.5, Spring v6.2.10
2026-06-26T20:25:38.355+08:00  INFO 18676 --- [observability-backend] [           main] c.o.ObservabilityBackendApplication      : No active profile set, falling back to 1 default profile: "default"
2026-06-26T20:25:42.909+08:00  INFO 18676 --- [observability-backend] [           main] .s.d.r.c.RepositoryConfigurationDelegate : Multiple Spring Data modules found, entering strict repository configuration mode
2026-06-26T20:25:42.910+08:00  INFO 18676 --- [observability-backend] [           main] .s.d.r.c.RepositoryConfigurationDelegate : Bootstrapping Spring Data JPA repositories in DEFAULT mode.
2026-06-26T20:25:43.717+08:00  INFO 18676 --- [observability-backend] [           main] .s.d.r.c.RepositoryConfigurationDelegate : Finished Spring Data repository scanning in 757 ms. Found 11 JPA repository interfaces.
2026-06-26T20:25:44.735+08:00  INFO 18676 --- [observability-backend] [           main] .s.d.r.c.RepositoryConfigurationDelegate : Multiple Spring Data modules found, entering strict repository configuration mode
2026-06-26T20:25:44.739+08:00  INFO 18676 --- [observability-backend] [           main] .s.d.r.c.RepositoryConfigurationDelegate : Bootstrapping Spring Data Redis repositories in DEFAULT mode.
2026-06-26T20:25:44.853+08:00  INFO 18676 --- [observability-backend] [           main] .RepositoryConfigurationExtensionSupport : Spring Data Redis - Could not safely identify store assignment for repository candidate interface com.observability.repository.AgentPerformanceRepository; If you want this repository to be a Redis repository, consider annotating your entities with one of these annotations: org.springframework.data.redis.core.RedisHash (preferred), or consider extending one of the following types with your repository: org.springframework.data.keyvalue.repository.KeyValueRepository
2026-06-26T20:25:44.855+08:00  INFO 18676 --- [observability-backend] [           main] .RepositoryConfigurationExtensionSupport : Spring Data Redis - Could not safely identify store assignment for repository candidate interface com.observability.repository.AlertEventRepository; If you want this repository to be a Redis repository, consider annotating your entities with one of these annotations: org.springframework.data.redis.core.RedisHash (preferred), or consider extending one of the following types with your repository: org.springframework.data.keyvalue.repository.KeyValueRepository
2026-06-26T20:25:44.856+08:00  INFO 18676 --- [observability-backend] [           main] .RepositoryConfigurationExtensionSupport : Spring Data Redis - Could not safely identify store assignment for repository candidate interface com.observability.repository.AlertRuleRepository; If you want this repository to be a Redis repository, consider annotating your entities with one of these annotations: org.springframework.data.redis.core.RedisHash (preferred), or consider extending one of the following types with your repository: org.springframework.data.keyvalue.repository.KeyValueRepository
2026-06-26T20:25:44.857+08:00  INFO 18676 --- [observability-backend] [           main] .RepositoryConfigurationExtensionSupport : Spring Data Redis - Could not safely identify store assignment for repository candidate interface com.observability.repository.LogRepository; If you want this repository to be a Redis repository, consider annotating your entities with one of these annotations: org.springframework.data.redis.core.RedisHash (preferred), or consider extending one of the following types with your repository: org.springframework.data.keyvalue.repository.KeyValueRepository
2026-06-26T20:25:44.859+08:00  INFO 18676 --- [observability-backend] [           main] .RepositoryConfigurationExtensionSupport : Spring Data Redis - Could not safely identify store assignment for repository candidate interface com.observability.repository.MetricsAggRepository; If you want this repository to be a Redis repository, consider annotating your entities with one of these annotations: org.springframework.data.redis.core.RedisHash (preferred), or consider extending one of the following types with your repository: org.springframework.data.keyvalue.repository.KeyValueRepository
2026-06-26T20:25:44.861+08:00  INFO 18676 --- [observability-backend] [           main] .RepositoryConfigurationExtensionSupport : Spring Data Redis - Could not safely identify store assignment for repository candidate interface com.observability.repository.SessionRepository; If you want this repository to be a Redis repository, consider annotating your entities with one of these annotations: org.springframework.data.redis.core.RedisHash (preferred), or consider extending one of the following types with your repository: org.springframework.data.keyvalue.repository.KeyValueRepository
2026-06-26T20:25:44.862+08:00  INFO 18676 --- [observability-backend] [           main] .RepositoryConfigurationExtensionSupport : Spring Data Redis - Could not safely identify store assignment for repository candidate interface com.observability.repository.SessionTurnRepository; If you want this repository to be a Redis repository, consider annotating your entities with one of these annotations: org.springframework.data.redis.core.RedisHash (preferred), or consider extending one of the following types with your repository: org.springframework.data.keyvalue.repository.KeyValueRepository
2026-06-26T20:25:44.867+08:00  INFO 18676 --- [observability-backend] [           main] .RepositoryConfigurationExtensionSupport : Spring Data Redis - Could not safely identify store assignment for repository candidate interface com.observability.repository.SkillStatsRepository; If you want this repository to be a Redis repository, consider annotating your entities with one of these annotations: org.springframework.data.redis.core.RedisHash (preferred), or consider extending one of the following types with your repository: org.springframework.data.keyvalue.repository.KeyValueRepository
2026-06-26T20:25:44.869+08:00  INFO 18676 --- [observability-backend] [           main] .RepositoryConfigurationExtensionSupport : Spring Data Redis - Could not safely identify store assignment for repository candidate interface com.observability.repository.SpanRepository; If you want this repository to be a Redis repository, consider annotating your entities with one of these annotations: org.springframework.data.redis.core.RedisHash (preferred), or consider extending one of the following types with your repository: org.springframework.data.keyvalue.repository.KeyValueRepository
2026-06-26T20:25:44.870+08:00  INFO 18676 --- [observability-backend] [           main] .RepositoryConfigurationExtensionSupport : Spring Data Redis - Could not safely identify store assignment for repository candidate interface com.observability.repository.TokenCostRepository; If you want this repository to be a Redis repository, consider annotating your entities with one of these annotations: org.springframework.data.redis.core.RedisHash (preferred), or consider extending one of the following types with your repository: org.springframework.data.keyvalue.repository.KeyValueRepository
2026-06-26T20:25:44.871+08:00  INFO 18676 --- [observability-backend] [           main] .RepositoryConfigurationExtensionSupport : Spring Data Redis - Could not safely identify store assignment for repository candidate interface com.observability.repository.ToolCallRepository; If you want this repository to be a Redis repository, consider annotating your entities with one of these annotations: org.springframework.data.redis.core.RedisHash (preferred), or consider extending one of the following types with your repository: org.springframework.data.keyvalue.repository.KeyValueRepository
2026-06-26T20:25:44.873+08:00  INFO 18676 --- [observability-backend] [           main] .s.d.r.c.RepositoryConfigurationDelegate : Finished Spring Data repository scanning in 86 ms. Found 0 Redis repository interfaces.
2026-06-26T20:25:48.524+08:00  INFO 18676 --- [observability-backend] [           main] o.s.b.w.embedded.tomcat.TomcatWebServer  : Tomcat initialized with port 9090 (http)
2026-06-26T20:25:48.580+08:00  INFO 18676 --- [observability-backend] [           main] o.apache.catalina.core.StandardService   : Starting service [Tomcat]
2026-06-26T20:25:48.581+08:00  INFO 18676 --- [observability-backend] [           main] o.apache.catalina.core.StandardEngine    : Starting Servlet engine: [Apache Tomcat/10.1.44]
2026-06-26T20:25:48.714+08:00  INFO 18676 --- [observability-backend] [           main] o.a.c.c.C.[Tomcat].[localhost].[/]       : Initializing Spring embedded WebApplicationContext
2026-06-26T20:25:48.719+08:00  INFO 18676 --- [observability-backend] [           main] w.s.c.ServletWebServerApplicationContext : Root WebApplicationContext: initialization completed in 9888 ms
2026-06-26T20:25:49.264+08:00  INFO 18676 --- [observability-backend] [           main] com.zaxxer.hikari.HikariDataSource       : HikariPool-1 - Starting...
2026-06-26T20:25:52.811+08:00  INFO 18676 --- [observability-backend] [           main] com.zaxxer.hikari.pool.HikariPool        : HikariPool-1 - Added connection conn0: url=jdbc:h2:file:./data/observability user=SA
2026-06-26T20:25:52.821+08:00  INFO 18676 --- [observability-backend] [           main] com.zaxxer.hikari.HikariDataSource       : HikariPool-1 - Start completed.
2026-06-26T20:25:59.207+08:00  INFO 18676 --- [observability-backend] [           main] o.s.o.j.p.SpringPersistenceUnitInfo      : No LoadTimeWeaver setup: ignoring JPA class transformer
2026-06-26T20:25:59.681+08:00  WARN 18676 --- [observability-backend] [           main] org.hibernate.orm.deprecation            : HHH90000025: H2Dialect does not need to be specified explicitly using 'hibernate.dialect' (remove the property setting and it will be selected by default)
2026-06-26T20:26:06.309+08:00  INFO 18676 --- [observability-backend] [           main] j.LocalContainerEntityManagerFactoryBean : Initialized JPA EntityManagerFactory for persistence unit 'default'
2026-06-26T20:26:09.109+08:00  INFO 18676 --- [observability-backend] [           main] o.s.d.j.r.query.QueryEnhancerFactory     : Hibernate is in classpath; If applicable, HQL parser will be used.
2026-06-26T20:26:22.458+08:00  WARN 18676 --- [observability-backend] [           main] JpaBaseConfiguration$JpaWebConfiguration : spring.jpa.open-in-view is enabled by default. Therefore, database queries may be performed during view rendering. Explicitly configure spring.jpa.open-in-view to disable this warning
2026-06-26T20:26:25.402+08:00  INFO 18676 --- [observability-backend] [           main] o.s.b.a.h2.H2ConsoleAutoConfiguration    : H2 console available at '/h2-console'. Database available at 'jdbc:h2:file:./data/observability'
2026-06-26T20:26:26.091+08:00  INFO 18676 --- [observability-backend] [           main] o.s.b.w.embedded.tomcat.TomcatWebServer  : Tomcat started on port 9090 (http) with context path '/'
2026-06-26T20:26:26.189+08:00  INFO 18676 --- [observability-backend] [           main] c.o.ObservabilityBackendApplication      : Started ObservabilityBackendApplication in 51.053 seconds (process running for 55.186)
2026-06-26T20:26:50.455+08:00  INFO 18676 --- [observability-backend] [nio-9090-exec-1] o.a.c.c.C.[Tomcat].[localhost].[/]       : Initializing Spring DispatcherServlet 'dispatcherServlet'
2026-06-26T20:26:50.455+08:00  INFO 18676 --- [observability-backend] [nio-9090-exec-1] o.s.web.servlet.DispatcherServlet        : Initializing Servlet 'dispatcherServlet'
2026-06-26T20:26:50.457+08:00  INFO 18676 --- [observability-backend] [nio-9090-exec-1] o.s.web.servlet.DispatcherServlet        : Completed initialization in 2 ms
