==================================================
  Phase 1: 播种测试数据
==================================================

>>> zhangsan-01: 帮我转50000给李四，用途是房租...
  -> ERROR: 'NoneType' object is not subscriptable

>>> zhangsan-01: 确定，就是他...
  -> ERROR: 'NoneType' object is not subscriptable

>>> zhangsan-01: 好的，确认转账...
  -> ERROR: 'NoneType' object is not subscriptable

>>> zhangsan-02: 帮我查一下上个月的账单明细...
  -> ERROR: 'NoneType' object is not subscriptable

>>> zhangsan-02: 那餐饮支出多少...
  -> ERROR: 'NoneType' object is not subscriptable

>>> wangwu-01: 我比较保守，有没有稳健的理财产品推荐...
  -> ERROR: 'NoneType' object is not subscriptable

>>> wangwu-01: 帮我解读一下朝朝盈这个产品...
  -> ERROR: 'NoneType' object is not subscriptable

>>> wangwu-01: 除了朝朝盈还有什么...
  -> ERROR: 'NoneType' object is not subscriptable

>>> wangwu-01: 算了，帮我转3万给赵六...
  -> ERROR: 'NoneType' object is not subscriptable

>>> wangwu-01: 确认...
  -> ERROR: 'NoneType' object is not subscriptable

>>> xiaomei-01: 我想看看理财...
  -> ERROR: 'NoneType' object is not subscriptable

>>> xiaomei-01: 产品解读...
  -> ERROR: 'NoneType' object is not subscriptable

>>> laoliu-01: 转500给张三...
  -> ERROR: 'NoneType' object is not subscriptable

>>> laoliu-01: 算了不转了，取消...
  -> ERROR: 'NoneType' object is not subscriptable

>>> aming-01: 我是激进型投资者，推荐几只科技领域的基金...
  -> ERROR: 'NoneType' object is not subscriptable

>>> aming-01: 这几只基金历史收益怎么样...
  -> ERROR: 'NoneType' object is not subscriptable

>>> aming-01: 风险等级呢...
  -> ERROR: 'NoneType' object is not subscriptable

>>> xiaoming-01: 你好，今天天气不错...
  -> ERROR: 'NoneType' object is not subscriptable

>>> xiaoming-01: 对了，我的工资到账了吗...
  -> ERROR: 'NoneType' object is not subscriptable

播种完成！7 sessions, 19 turns

==================================================
  Phase 2: 聊天核心测试 (65 assertions)
==================================================
  -> ERROR: 'NoneType' object is not subscriptable
  [FAIL] 1 Transfer-Start | status=ERROR content='NoneType' object is not subscriptable question=
  -> ERROR: 'NoneType' object is not subscriptable
  [FAIL] 2 Transfer-Payee | status=ERROR content='NoneType' object is not subscriptable question=
  -> ERROR: 'NoneType' object is not subscriptable
  [FAIL] 3 Transfer-Amount-Done | status=ERROR content='NoneType' object is not subscriptable question=
  -> ERROR: 'NoneType' object is not subscriptable
  [FAIL] 4 Bill-Start | status=ERROR content='NoneType' object is not subscriptable question=
  -> ERROR: 'NoneType' object is not subscriptable
  [FAIL] 5 Bill-Range | status=ERROR content='NoneType' object is not subscriptable question=
  -> ERROR: 'NoneType' object is not subscriptable
  [FAIL] 6 WealthConsult-Start | status=ERROR content='NoneType' object is not subscriptable question=
  -> ERROR: 'NoneType' object is not subscriptable
  [FAIL] 7 WealthConsult-Done | status=ERROR content='NoneType' object is not subscriptable question=
  -> ERROR: 'NoneType' object is not subscriptable
  [FAIL] 8 WealthInterp-Start | status=ERROR content='NoneType' object is not subscriptable question=
  -> ERROR: 'NoneType' object is not subscriptable
  [FAIL] 9 WealthInterp-Done | status=ERROR content='NoneType' object is not subscriptable question=
  -> ERROR: 'NoneType' object is not subscriptable
  [FAIL] 10 Disambig-Wealth | status=ERROR content='NoneType' object is not subscriptable question=
  -> ERROR: 'NoneType' object is not subscriptable
  [FAIL] 11 Disambig-Consult | status=ERROR content='NoneType' object is not subscriptable question=
  -> ERROR: 'NoneType' object is not subscriptable
  [FAIL] 12 Disambig-Wealth2 | status=ERROR content='NoneType' object is not subscriptable question=
  -> ERROR: 'NoneType' object is not subscriptable
  [FAIL] 13 Disambig-Interpret | status=ERROR content='NoneType' object is not subscriptable question=
  -> ERROR: 'NoneType' object is not subscriptable
  [FAIL] 14 Disambig-First | status=ERROR content='NoneType' object is not subscriptable question=
  -> ERROR: 'NoneType' object is not subscriptable
  [FAIL] 15 Disambig-StillAmbig | status=ERROR content='NoneType' object is not subscriptable question=
  -> ERROR: 'NoneType' object is not subscriptable
  [FAIL] 16 Unsupported | status=ERROR content='NoneType' object is not subscriptable question=
  -> ERROR: 'NoneType' object is not subscriptable
  [FAIL] 17 CancelTfr-Start | status=ERROR content='NoneType' object is not subscriptable question=
  -> ERROR: 'NoneType' object is not subscriptable
  [FAIL] 18 CancelTfr-Keyword | status=ERROR content='NoneType' object is not subscriptable question=
  -> ERROR: 'NoneType' object is not subscriptable
  [FAIL] 19 CancelBill-Start | status=ERROR content='NoneType' object is not subscriptable question=
  -> ERROR: 'NoneType' object is not subscriptable
  [FAIL] 20 CancelBill-Keyword | status=ERROR content='NoneType' object is not subscriptable question=
  -> ERROR: 'NoneType' object is not subscriptable
  [FAIL] 21 CancelMid-Start | status=ERROR content='NoneType' object is not subscriptable question=
  -> ERROR: 'NoneType' object is not subscriptable
  [FAIL] 22 CancelMid-Payee | status=ERROR content='NoneType' object is not subscriptable question=
  -> ERROR: 'NoneType' object is not subscriptable
  [FAIL] 23 CancelMid-Cancel | status=ERROR content='NoneType' object is not subscriptable question=
  -> ERROR: 'NoneType' object is not subscriptable
  [FAIL] 24 CancelDisambig-Start | status=ERROR content='NoneType' object is not subscriptable question=
  -> ERROR: 'NoneType' object is not subscriptable
  [FAIL] 25 CancelDisambig-Cancel | status=ERROR content='NoneType' object is not subscriptable question=
  -> ERROR: 'NoneType' object is not subscriptable
  [FAIL] 26 Switch-TfrStart | status=ERROR content='NoneType' object is not subscriptable question=
  -> ERROR: 'NoneType' object is not subscriptable
  [FAIL] 27 Switch-ToBill | status=ERROR content='NoneType' object is not subscriptable question=
  -> ERROR: 'NoneType' object is not subscriptable
  [FAIL] 28 Switch2-BillStart | status=ERROR content='NoneType' object is not subscriptable question=
  -> ERROR: 'NoneType' object is not subscriptable
  [FAIL] 29 Switch2-ToTransfer | status=ERROR content='NoneType' object is not subscriptable question=
  -> ERROR: 'NoneType' object is not subscriptable
  [FAIL] 30 Resume-Start | status=ERROR content='NoneType' object is not subscriptable question=
  -> ERROR: 'NoneType' object is not subscriptable
  [FAIL] 31 Resume-Payee | status=ERROR content='NoneType' object is not subscriptable question=
  -> ERROR: 'NoneType' object is not subscriptable
  [FAIL] 32 Resume-SwitchToBill | status=ERROR content='NoneType' object is not subscriptable question=
  -> ERROR: 'NoneType' object is not subscriptable
  [FAIL] 33 Resume-Back | status=ERROR content='NoneType' object is not subscriptable question=
  -> ERROR: 'NoneType' object is not subscriptable
  [FAIL] 34 CancelNothing | status=ERROR content='NoneType' object is not subscriptable question=
  -> ERROR: 'NoneType' object is not subscriptable
  [FAIL] 35 Greeting | status=ERROR content='NoneType' object is not subscriptable question=
  -> ERROR: 'NoneType' object is not subscriptable
  [FAIL] 36 Rewrite-BillStart | status=ERROR content='NoneType' object is not subscriptable question=
  -> ERROR: 'NoneType' object is not subscriptable
  [FAIL] 37 RewriteDetail-Start | status=ERROR content='NoneType' object is not subscriptable question=
  -> ERROR: 'NoneType' object is not subscriptable
  [FAIL] 38 RewriteDetail-Range | status=ERROR content='NoneType' object is not subscriptable question=
  -> ERROR: 'NoneType' object is not subscriptable
  [FAIL] 39 TfrWithPayee-Start | status=ERROR content='NoneType' object is not subscriptable question=
  -> ERROR: 'NoneType' object is not subscriptable
  [FAIL] 40 TfrWithPayee-Amount | status=ERROR content='NoneType' object is not subscriptable question=
  -> ERROR: 'NoneType' object is not subscriptable
  [FAIL] 41 Tfr2-Start | status=ERROR content='NoneType' object is not subscriptable question=
  -> ERROR: 'NoneType' object is not subscriptable
  [FAIL] 42 Tfr2-Payee | status=ERROR content='NoneType' object is not subscriptable question=
  -> ERROR: 'NoneType' object is not subscriptable
  [FAIL] 43 Tfr2-Amount | status=ERROR content='NoneType' object is not subscriptable question=
  -> ERROR: 'NoneType' object is not subscriptable
  [FAIL] 44 Switch3-TfrStart | status=ERROR content='NoneType' object is not subscriptable question=
  -> ERROR: 'NoneType' object is not subscriptable
  [FAIL] 45 Switch3-Disambig | status=ERROR content='NoneType' object is not subscriptable question=
  -> ERROR: 'NoneType' object is not subscriptable
  [FAIL] 46 Clear-TfrStart | status=ERROR content='NoneType' object is not subscriptable question=
  -> ERROR: 'NoneType' object is not subscriptable
  [FAIL] 47 Clear-AfterClear | status=ERROR content='NoneType' object is not subscriptable question=
  -> ERROR: 'NoneType' object is not subscriptable
  [FAIL] 48 BillCancel2-Start | status=ERROR content='NoneType' object is not subscriptable question=
  -> ERROR: 'NoneType' object is not subscriptable
  [FAIL] 49 BillCancel2-Kw | status=ERROR content='NoneType' object is not subscriptable question=
  -> ERROR: 'NoneType' object is not subscriptable
  [FAIL] 50 WICancel-Start | status=ERROR content='NoneType' object is not subscriptable question=
  -> ERROR: 'NoneType' object is not subscriptable
  [FAIL] 51 WICancel-Cancel | status=ERROR content='NoneType' object is not subscriptable question=
  -> ERROR: 'NoneType' object is not subscriptable
  [FAIL] 52 MultiCancel-1 | status=ERROR content='NoneType' object is not subscriptable question=
  -> ERROR: 'NoneType' object is not subscriptable
  [FAIL] 53 MultiCancel-2 | status=ERROR content='NoneType' object is not subscriptable question=
  -> ERROR: 'NoneType' object is not subscriptable
  [FAIL] 54 FullDisambig-Start | status=ERROR content='NoneType' object is not subscriptable question=
  -> ERROR: 'NoneType' object is not subscriptable
  [FAIL] 55 FullDisambig-Consult | status=ERROR content='NoneType' object is not subscriptable question=
  -> ERROR: 'NoneType' object is not subscriptable
  [FAIL] 56 FullDisambig-Aggressive | status=ERROR content='NoneType' object is not subscriptable question=

============================================================
Phase 2 Result: Total=56  PASS=0  FAIL=56
============================================================

Failed tests:
  [FAIL] 1 Transfer-Start | status=ERROR content='NoneType' object is not subscriptable question=
  [FAIL] 2 Transfer-Payee | status=ERROR content='NoneType' object is not subscriptable question=
  [FAIL] 3 Transfer-Amount-Done | status=ERROR content='NoneType' object is not subscriptable question=
  [FAIL] 4 Bill-Start | status=ERROR content='NoneType' object is not subscriptable question=
  [FAIL] 5 Bill-Range | status=ERROR content='NoneType' object is not subscriptable question=
  [FAIL] 6 WealthConsult-Start | status=ERROR content='NoneType' object is not subscriptable question=
  [FAIL] 7 WealthConsult-Done | status=ERROR content='NoneType' object is not subscriptable question=
  [FAIL] 8 WealthInterp-Start | status=ERROR content='NoneType' object is not subscriptable question=
  [FAIL] 9 WealthInterp-Done | status=ERROR content='NoneType' object is not subscriptable question=
  [FAIL] 10 Disambig-Wealth | status=ERROR content='NoneType' object is not subscriptable question=
  [FAIL] 11 Disambig-Consult | status=ERROR content='NoneType' object is not subscriptable question=
  [FAIL] 12 Disambig-Wealth2 | status=ERROR content='NoneType' object is not subscriptable question=
  [FAIL] 13 Disambig-Interpret | status=ERROR content='NoneType' object is not subscriptable question=
  [FAIL] 14 Disambig-First | status=ERROR content='NoneType' object is not subscriptable question=
  [FAIL] 15 Disambig-StillAmbig | status=ERROR content='NoneType' object is not subscriptable question=
  [FAIL] 16 Unsupported | status=ERROR content='NoneType' object is not subscriptable question=
  [FAIL] 17 CancelTfr-Start | status=ERROR content='NoneType' object is not subscriptable question=
  [FAIL] 18 CancelTfr-Keyword | status=ERROR content='NoneType' object is not subscriptable question=
  [FAIL] 19 CancelBill-Start | status=ERROR content='NoneType' object is not subscriptable question=
  [FAIL] 20 CancelBill-Keyword | status=ERROR content='NoneType' object is not subscriptable question=
  [FAIL] 21 CancelMid-Start | status=ERROR content='NoneType' object is not subscriptable question=
  [FAIL] 22 CancelMid-Payee | status=ERROR content='NoneType' object is not subscriptable question=
  [FAIL] 23 CancelMid-Cancel | status=ERROR content='NoneType' object is not subscriptable question=
  [FAIL] 24 CancelDisambig-Start | status=ERROR content='NoneType' object is not subscriptable question=
  [FAIL] 25 CancelDisambig-Cancel | status=ERROR content='NoneType' object is not subscriptable question=
  [FAIL] 26 Switch-TfrStart | status=ERROR content='NoneType' object is not subscriptable question=
  [FAIL] 27 Switch-ToBill | status=ERROR content='NoneType' object is not subscriptable question=
  [FAIL] 28 Switch2-BillStart | status=ERROR content='NoneType' object is not subscriptable question=
  [FAIL] 29 Switch2-ToTransfer | status=ERROR content='NoneType' object is not subscriptable question=
  [FAIL] 30 Resume-Start | status=ERROR content='NoneType' object is not subscriptable question=
  [FAIL] 31 Resume-Payee | status=ERROR content='NoneType' object is not subscriptable question=
  [FAIL] 32 Resume-SwitchToBill | status=ERROR content='NoneType' object is not subscriptable question=
  [FAIL] 33 Resume-Back | status=ERROR content='NoneType' object is not subscriptable question=
  [FAIL] 34 CancelNothing | status=ERROR content='NoneType' object is not subscriptable question=
  [FAIL] 35 Greeting | status=ERROR content='NoneType' object is not subscriptable question=
  [FAIL] 36 Rewrite-BillStart | status=ERROR content='NoneType' object is not subscriptable question=
  [FAIL] 37 RewriteDetail-Start | status=ERROR content='NoneType' object is not subscriptable question=
  [FAIL] 38 RewriteDetail-Range | status=ERROR content='NoneType' object is not subscriptable question=
  [FAIL] 39 TfrWithPayee-Start | status=ERROR content='NoneType' object is not subscriptable question=
  [FAIL] 40 TfrWithPayee-Amount | status=ERROR content='NoneType' object is not subscriptable question=
  [FAIL] 41 Tfr2-Start | status=ERROR content='NoneType' object is not subscriptable question=
  [FAIL] 42 Tfr2-Payee | status=ERROR content='NoneType' object is not subscriptable question=
  [FAIL] 43 Tfr2-Amount | status=ERROR content='NoneType' object is not subscriptable question=
  [FAIL] 44 Switch3-TfrStart | status=ERROR content='NoneType' object is not subscriptable question=
  [FAIL] 45 Switch3-Disambig | status=ERROR content='NoneType' object is not subscriptable question=
  [FAIL] 46 Clear-TfrStart | status=ERROR content='NoneType' object is not subscriptable question=
  [FAIL] 47 Clear-AfterClear | status=ERROR content='NoneType' object is not subscriptable question=
  [FAIL] 48 BillCancel2-Start | status=ERROR content='NoneType' object is not subscriptable question=
  [FAIL] 49 BillCancel2-Kw | status=ERROR content='NoneType' object is not subscriptable question=
  [FAIL] 50 WICancel-Start | status=ERROR content='NoneType' object is not subscriptable question=
  [FAIL] 51 WICancel-Cancel | status=ERROR content='NoneType' object is not subscriptable question=
  [FAIL] 52 MultiCancel-1 | status=ERROR content='NoneType' object is not subscriptable question=
  [FAIL] 53 MultiCancel-2 | status=ERROR content='NoneType' object is not subscriptable question=
  [FAIL] 54 FullDisambig-Start | status=ERROR content='NoneType' object is not subscriptable question=
  [FAIL] 55 FullDisambig-Consult | status=ERROR content='NoneType' object is not subscriptable question=
  [FAIL] 56 FullDisambig-Aggressive | status=ERROR content='NoneType' object is not subscriptable question=

==================================================
  Phase 3: 后端 API 基础验证
==================================================
  [PASS] Health endpoint
  [PASS] Sessions list
  [PASS] AI Insights
  [PASS] Agent Performance
  [PASS] Token Cost
  [PASS] Conversion Funnel
  [PASS] Satisfaction
  [FAIL] Skill Stats | {'code': 501, 'message': 'P1实现'}
  [PASS] Tool Stats
  [PASS] Alert Rules
  [PASS] Settings Storage
  [FAIL] Metrics Query | {'error': 'HTTP Error 405: '}
  [PASS] Log Query
  [PASS] Trace Query - empty list
  [FAIL] Frontend reachable | {'error': 'HTTP Error 502: Bad Gateway'}

Phase 3 Result: Total=15  PASS=12  FAIL=3
============================================================

============================================================
  FINAL SUMMARY
  Phase 2 (Chat Core):  0/56 passed
  Phase 3 (Backend API): 12/15 passed
  Grand Total: 12/71 passed
============================================================
