✅ [T-nav] 导航 总览大屏 → /dashboard — urlOk=true whiteScreen=false len=827
✅ [T-nav] 导航 会话回放 → /session — urlOk=true whiteScreen=false len=1375
✅ [T-nav] 导航 链路追踪 → /trace — urlOk=true whiteScreen=false len=1655
✅ [T-nav] 导航 AI 洞察 → /insight — urlOk=true whiteScreen=false len=744
✅ [T-nav] 导航 日志查询 → /logs — urlOk=true whiteScreen=false len=6751
✅ [T-nav] 导航 告警规则 → /alerts — urlOk=true whiteScreen=false len=110
✅ [T-nav] 导航 系统设置 → /settings — urlOk=true whiteScreen=false len=145
✅ [T-nav] 7 个左侧导航均正常（无整页白屏） — navAllPass=true
✅ [T01] Zone A/B/C/D/E 字母徽标(胶囊) 均显示 — found={"A":"rgb(22, 119, 255)","B":"rgb(114, 46, 209)","C":"rgb(82, 196, 26)","D":"rgb(212, 136, 6)","E":"rgb(8, 151, 156)"}
✅ [T01] MiniSpark canvas 总数 == 15 — count=15
✅ [T01] Zone B 错误率 badge 已删除（不含「错误率」与「0.12」字样） — 含错误率=false 含0.12=false 含待接入=true
✅ [T01] Zone E 环比配色语义（3 卡：绿/绿/灰，无↑红） — deltas=[{"text":"↓ 12.4%","color":"rgb(82, 196, 26)"},{"text":"↑ 3.1%","color":"rgb(82, 196, 26)"},{"text":"→ 持平","color":"rgba(0, 0, 0, 0.45)"}]
✅ [T02] 诊断摘要 4 卡非空（性能/准确率/转化/满意度） — 4卡=true
✅ [T02] 慢会话根因表正常渲染 — slowTable=true
✅ [T02] [real] TOP5 深链标签多样（可跳到对应 TAB） — anchors=["去性能 →","去准确率 →","去漏斗 →"]
✅ [T02] [real] 点击「去准确率 →」跳转到 准确率分析 TAB — activeTab="准确率分析
算法看"
✅ [T02] Agent P95 柱状 + 1500ms 红线标题存在 — text=true
✅ [T03] Cramér's V 摘要卡（健康灯文字） — 含Cramér=true 含健康灯=true
✅ [T03] Top-3 混淆对列表（含 ↔ 对，兼容空白） — 含Top-3=true 首对=转账 ↔ 账单
✅ [T03] 混淆对标签为中文（与 DEMO/PRD 对齐，非英文意图码） — 含中文意图标签=true 含英文码=false（真实后端返回英文码，缺中文映射 → 源码/设计缺口）
✅ [T03] 混淆矩阵热力图 canvas 已渲染 — canvasCount=3
✅ [T04] [real] RAG 检索质量子面板正常渲染（无崩溃） — crashed=false pageErrorLoading=false
[REAL] console.error=9 pageerror=0 :: 
✅ [T02] 诊断摘要 4 卡非空（性能/准确率/转化/满意度） — 4卡=true
✅ [T02] 慢会话根因表正常渲染 — slowTable=true
✅ [T02] [fallback] TOP5 深链标签多样（可跳到对应 TAB） — anchors=["去漏斗 →","去准确率 →","去准确率 →","去准确率 →","去性能 →"]
✅ [T02] [fallback] 点击「去准确率 →」跳转到 准确率分析 TAB — activeTab="准确率分析
算法看"
✅ [T02] Agent P95 柱状 + 1500ms 红线标题存在 — text=true
[FALLBACK] intercept invocations ✓
[FALLBACK] intercept invocations ✓
[FALLBACK] intercept invocations ✓
[FALLBACK] intercept invocations ✓
✅ [T04] [fallback] RAG 检索质量子面板（5 子指标 KPI + RagQualityChart + DEMO 角标） — 5KPI=true 含RAG检索质量=true 含TopK=true 含DEMO=true crashed=false
✅ [T04] [fallback] RagQualityChart canvas 渲染 — canvasCount=5
[FALLBACK] console.error=6 pageerror=0 :: 
✅ [T06] DEMO 左侧导航切换（点击 AI 洞察 → 激活） — pageActive=true
✅ [T06] DEMO Cramér's V 卡（健康灯） — text="Cramér’s V0.82混淆严重越大越混淆：健康 <0.15 / 关注 0.15–0.30 / 严重 >0.30"
✅ [T06] DEMO Top-3 混淆对 — 含Top-3=true 含理财咨询↔理财解读=true
✅ [T06] DEMO 混淆矩阵(对角绿#237804/只百分比/发散色/轴标签) — {"ok":true,"diagonalGreen":true,"nonDiagDiverge":true,"onlyPct":true,"xName":"预测意图 (列)","yName":"实际意图 (行)"}
✅ [T06] DEMO 无 console 报错 — errors=none

================ QA SMOKE SUMMARY ================
TOTAL=34 PASS=34 FAIL=0
截图目录: /tmp/qa-shots
==================================================
